ILP_opt_solution
0.20 0.20 1.000
0.40 0.40 1.000
0.60 0.60 1.000
0.80 0.80 0.910
1.00 1.00 0.000
1.20 1.20 0.000
1.40 1.40 0.000
1.60 1.60 0.000
1.80 1.80 0.000
2.00 2.00 0.000
ILP_nopt_solution
0.20 0.20 1.000
0.40 0.40 1.000
0.60 0.60 0.770
0.80 0.80 0.000
1.00 1.00 0.000
1.20 1.20 0.000
1.40 1.40 0.000
1.60 1.60 0.000
1.80 1.80 0.000
2.00 2.00 0.000
